Scope: exact patch/fingerprint/log receipts. Spelling hooks skipped for opaque hashes and verbatim diagnostics.
ruff check..............................................(no files to check)Skipped
ruff format.............................................(no files to check)Skipped
codespell..................................................................Skipped
typos......................................................................Skipped
clang-format............................................(no files to check)Skipped
markdownlint............................................(no files to check)Skipped
Lint GitHub Actions workflow files......................(no files to check)Skipped
Gitleaks Secret Scan(Local Binary)..........................................Passed
Lint shell scripts......................................(no files to check)Skipped
Lint PNG exports from excalidraw........................(no files to check)Skipped
Check for spaces in all filenames...........................................Passed
Enforce __init__.py in Python packages..................(no files to check)Skipped
Forbid init_logger(__name__) in vllm_ascend modules.....(no files to check)Skipped
Check for forbidden imports.............................(no files to check)Skipped
Check for boolean ops in with-statements................(no files to check)Skipped
Check that new functions over 100 lines have comments...(no files to check)Skipped
Check symbolic shapes in meta kernels.......................................Passed
Suggestion..................................................................Passed
- hook id: suggestion
- duration: 0s

To bypass pre-commit hooks, add --no-verify to git commit.

