[W1006 12:07:36.789110370 NPUCachingAllocator.cpp:177] Warning: The current CANN and Soc versions require processing for 32 padding size, with memory allocation. (function operator())
weight 2 0 actual [-1, 1, -1, -2, -1, -2, 0, -2, -1, -2, -1, 1, 0, 1, 1, -1, -1, -2, -1, 1, 0, 1, -2, 1, 0, -2, -2, -2, -2, -2, -1, 1] expected [-1, 1, -1, -2, -1, -2, 0, -2, -1, -2, -1, 1, 0, 1, 1, -1, -1, -2, -1, 1, 0, 1, -2, 1, 0, -2, -2, -2, -2, -2, -1, 1]
weight 3 0 actual [-3, -1, -3, -4, -3, -4, -2, 0, 1, 0, -3, 3, 2, -1, 3, -3, -3, -4, 1, -1, 2, -1, 0, 3, -2, -4, 0, -4, -4, 0, -3, -1] expected [-3, -1, -3, -4, -3, -4, -2, 0, 1, 0, -3, 3, 2, -1, 3, -3, -3, -4, 1, -1, 2, -1, 0, 3, -2, -4, 0, -4, -4, 0, -3, -1]
weight 4 0 actual [-7, -5, 1, 0, 1, 0, -6, -4, -3, -4, -7, -1, 6, -5, -1, -7, -7, -8, 5, 3, -2, 3, -4, -1, -6, -8, 4, 0, 0, -4, 1, 3] expected [-7, -5, 1, 0, 1, 0, -6, -4, -3, -4, -7, -1, 6, -5, -1, -7, -7, -8, 5, 3, -2, 3, -4, -1, -6, -8, 4, 0, 0, -4, 1, 3]
input 8 0 0
input 8 1 0
input 8 2 0
input 8 3 0
input 8 4 0
input 8 5 0
input 8 6 0
input 8 7 0
input 4 0 0
input 4 1 0
input 4 2 0
input 4 3 0
input 4 4 0
input 4 5 0
input 4 6 0
input 4 7 0
